SEL|http://podcasts.files.bbci.co.uk/p02pc9zn.rss|<b>The English We Speak</b>|<small>Audio</small>
SEL|https://learningenglish.voanews.com/podcast/?count=20&amp;zoneId=986|<b>Arts &amp; Culture</b>|<small>Audio</small>
SEL|https://learningenglish.voanews.com/podcast/?count=20&amp;zoneId=1581|<b>American Stories</b>|<small>Audio</small>
SEL|https://learningenglish.voanews.com/podcast/?count=20&amp;zoneId=3521|<b>As It Is</b>|<small>Audio</small>
SEL|https://learningenglish.voanews.com/podcast/?count=20&amp;zoneId=4456|<b>Everyday Grammar</b>|<small>Audio</small>
SEL|https://www.englishclass101.com/wp-feed-audio-video.php|<b>EnglishClass101</b>|<small>Audio, Video</small>
SEL|https://learningenglish.voanews.com/podcast/?count=20&amp;zoneId=1579|<b>Science &amp; Technology</b>|<small>Audio</small>
SEL|https://learningenglish.voanews.com/podcast/video.aspx?count=20&amp;zoneId=4716|<b>Everyday Grammar TV</b>|<small>Video</small>
SEL|http://podsync.net/oh0hqL7VV|<b>Learn English with Steve Ford</b>|<small>Video</small>
SEL|https://podcasts.files.bbci.co.uk/p02pc9wq.rss|<b>6 Minute Grammar</b>|<small>Audio</small>
SEL|http://allearsenglish.libsyn.com/rss|<b>All Ears English</b>|<small>Audio</small>
SEL|http://feeds.bbci.co.uk/learningenglish/english/features/6-minute-english/rss|<b>6 Minute English</b>|<small>Audio. Intermediate level</small>
SEL|https://www.brainyquote.com/link/quotebr.rss|<b>Brainyquote</b>|<small>Text</small>
