/usr/share/idiomind/addons/Podcasts/images/bbcews.jpg

http://podcasts.files.bbci.co.uk/p02pc9zn.rss
<b>The English We Speak</b>
<small>Audio</small>
/usr/share/idiomind/addons/Podcasts/images/voaac.jpg

https://learningenglish.voanews.com/z/986
<b>Arts &amp; Culture</b>
<small>Audio</small>
/usr/share/idiomind/addons/Podcasts/images/voaah.jpg

https://learningenglish.voanews.com/podcast/?count=20&amp;zoneId=1581
<b>American Stories</b>
<small>Audio</small>
/usr/share/idiomind/addons/Podcasts/images/voaai.jpg

https://learningenglish.voanews.com/podcast/?count=20&amp;zoneId=3521
<b>As It Is</b>
<small>Audio</small>
/usr/share/idiomind/addons/Podcasts/images/voaeg.jpg

https://learningenglish.voanews.com/podcast/?count=20&amp;zoneId=4456
<b>Everyday Grammar</b>
<small>Audio</small>
/usr/share/idiomind/addons/Podcasts/images/ec101.png

https://www.englishclass101.com/wp-feed-audio-video.php
<b>EnglishClass101</b>
<small>Audio, Video</small>
/usr/share/idiomind/addons/Podcasts/images/voast.jpg

https://learningenglish.voanews.com/podcast/?count=20&amp;zoneId=1579
<b>Science &amp; Technology</b>
<small>Audio</small>
/usr/share/idiomind/addons/Podcasts/images/voaegv.jpg

https://learningenglish.voanews.com/podcast/video.aspx?count=20&amp;zoneId=4716
<b>Everyday Grammar TV</b>
<small>Video</small>
/usr/share/idiomind/addons/Podcasts/images/leef.jpg

http://podsync.net/oh0hqL7VV
<b>Learn English with Steve Ford</b>
<small>Video</small>
