SEL|https://spanishpod101.com/wp-feed-audio-video.php|<b>Spanishpod101</b>|<small>Audio, video. Beginner and intermediate</small>
SEL|http://survivalspanish.libsyn.com/rss|<b>Survival Spanish</b>|<small>Audio. Intermediate and advanced </small>
SEL|http://newsinslowspanish.libsyn.com/rss|<b>News in Slow Spanish</b>|<small>Audio</small>
SEL|http://languagetreks.com/podcasts/feed2.php|<b>Language Treks</b>|<small>Audio</small>
SEL|http://rss.acast.com/coffeebreakspanish|<b>Coffee Break Spanish</b>|<small>Audio, Beginners</small>
SEL|http://feeds.feedburner.com/podcastsinspanish|<b>Podcasts in Spanish</b>|<small>Audio</small>
SEL|http://learnrealspanish.libsyn.com/rss|<b>Notes in Spanish</b>|<small>Audio. Beginners</small>
SEL|http://intnotesinspanish.libsyn.com/rss|<b>Notes in Spanish</b>|<small>Audio. Intermediate</small>
SEL|http://notesinspanish.libsyn.com/rss|<b>Notes in Spanish</b>|<small>Audio. Advanced</small>
SEL|https://spanish.yabla.com/itunes.php|<b>Yabla Spanish</b>|<small>Video. Intermediate</small>
